// Jest Snapshot v1, https://goo.gl/fbAQLP

exports[`Test <ProductCard /> component Products Snapshot test 1`] = `
<DocumentFragment>
  <div
    class="product-card card"
  >
    <img
      alt="Card title demo"
      class="product-card__image card-img-top"
      data-testid="product-card-image"
      src="https://media.istockphoto.com/photos/bacon-burger-picture-id520215281?s=612x612"
    />
    <div
      class="card-body"
    >
      <h5
        class="product-card__title card-title"
      >
        <span
          data-testid="product-card-price"
        >
          $12
        </span>
         - 
        <span
          data-testid="product-card-title"
        >
          Card title demo
        </span>
      </h5>
    </div>
  </div>
</DocumentFragment>
`;
